Traceback (most recent call last):
  File "/lustre06/project/6085198/caua/SAM-DAQ/./test.py", line 109, in <module>
    main()
  File "/lustre06/project/6085198/caua/SAM-DAQ/./test.py", line 61, in main
    model = rdvsod(args, device=device).to(device)
            ^^^^^^^^^^^^^^^^^^^^^^^^^^^
  File "/lustre06/project/6085198/caua/SAM-DAQ/models/rdvsod.py", line 43, in __init__
    nn.Conv2d(64, channel_list[0], 1),
                  ^^^^^^^^^^^^
UnboundLocalError: cannot access local variable 'channel_list' where it is not associated with a value
[2026-02-17 19:49:50,089] torch.distributed.elastic.multiprocessing.api: [ERROR] failed (exitcode: 1) local_rank: 0 (pid: 2728756) of binary: /home/caua/scratch/envs/sam-daq/bin/python3
Traceback (most recent call last):
  File "/home/caua/scratch/envs/sam-daq/bin/torchrun", line 10, in <module>
    sys.exit(main())
             ^^^^^^
  File "/home/caua/scratch/envs/sam-daq/lib/python3.11/site-packages/torch/distributed/elastic/multiprocessing/errors/__init__.py", line 347, in wrapper
    return f(*args, **kwargs)
           ^^^^^^^^^^^^^^^^^^
  File "/home/caua/scratch/envs/sam-daq/lib/python3.11/site-packages/torch/distributed/run.py", line 812, in main
    run(args)
  File "/home/caua/scratch/envs/sam-daq/lib/python3.11/site-packages/torch/distributed/run.py", line 803, in run
    elastic_launch(
  File "/home/caua/scratch/envs/sam-daq/lib/python3.11/site-packages/torch/distributed/launcher/api.py", line 135, in __call__
    return launch_agent(self._config, self._entrypoint, list(args))
           ^^^^^^^^^^^^^^^^^^^^^^^^^^^^^^^^^^^^^^^^^^^^^^^^^^^^^^^^
  File "/home/caua/scratch/envs/sam-daq/lib/python3.11/site-packages/torch/distributed/launcher/api.py", line 268, in launch_agent
    raise ChildFailedError(
torch.distributed.elastic.multiprocessing.errors.ChildFailedError: 
============================================================
./test.py FAILED
------------------------------------------------------------
Failures:
  <NO_OTHER_FAILURES>
------------------------------------------------------------
Root Cause (first observed failure):
[0]:
  time      : 2026-02-17_19:49:50
  host      : ng31204.narval.calcul.quebec
  rank      : 0 (local_rank: 0)
  exitcode  : 1 (pid: 2728756)
  error_file: <N/A>
  traceback : To enable traceback see: https://pytorch.org/docs/stable/elastic/errors.html
============================================================
